==================================================
OpticTrigeminal v3.0.0 - Artificial Cognition Kernel
Native AI Operating Environment
==================================================

Initializing system...
[HTTPServer] Loading datasets from data...
[DataLoader] Processing: data/multimodal.jsonl
[DataLoader] Loaded 0 records from data/multimodal.jsonl
[DataLoader] Processing: data/876a62c3372dc19e5a403a6a08426cdc26263dc3
[DataLoader] Processing: data/876a62c3372dc19e5a403a6a08426cdc26263dc3/README.md
[DataLoader] Processing: data/876a62c3372dc19e5a403a6a08426cdc26263dc3/.gitattributes
[DataLoader] Processing: data/84163282fb65364ec1e30e0040d0b1cdcbd119e1
[DataLoader] Processing: data/84163282fb65364ec1e30e0040d0b1cdcbd119e1/train.jsonl
[DataLoader] Loaded 0 records from data/84163282fb65364ec1e30e0040d0b1cdcbd119e1/train.jsonl
[DataLoader] Processing: data/training5.jsonl
[DataLoader] Loaded 0 records from data/training5.jsonl
[DataLoader] Processing: data/artifacts
[DataLoader] Processing: data/artifacts/tooling
[DataLoader] Processing: data/artifacts/logic
[DataLoader] Processing: data/artifacts/stem_qa
[DataLoader] Processing: data/artifacts/multimodal
[DataLoader] Processing: data/artifacts/coding
[DataLoader] Processing: data/artifacts/self_knowledge
[DataLoader] Processing: data/.DS_Store
[DataLoader] Processing: data/self_knowledge.jsonl
[DataLoader] Loaded 0 records from data/self_knowledge.jsonl
[DataLoader] Processing: data/training1.jsonl
[DataLoader] Loaded 314 records from data/training1.jsonl
[DataLoader] Processing: data/training3.jsonl
[DataLoader] Loaded 396 records from data/training3.jsonl
[DataLoader] Processing: data/tooling.jsonl
[DataLoader] Loaded 396 records from data/tooling.jsonl
[DataLoader] Processing: data/training4.jsonl
[DataLoader] Loaded 396 records from data/training4.jsonl
[DataLoader] Processing: data/test_scenario_analytics
[DataLoader] Processing: data/test_scenario_analytics/training_events.ndjson
[DataLoader] Processing: data/checkpoints
[DataLoader] Processing: data/checkpoints/stage_2
[DataLoader] Processing: data/checkpoints/stage_2/checkpoint_stage_2_3.ckpt
[DataLoader] Processing: data/checkpoints/stage_3
[DataLoader] Processing: data/checkpoints/stage_3/checkpoint_stage_3_4.ckpt
[DataLoader] Processing: data/checkpoints/stage_4
[DataLoader] Processing: data/checkpoints/stage_4/checkpoint_stage_4_5.ckpt
[DataLoader] Processing: data/checkpoints/stage_1
[DataLoader] Processing: data/checkpoints/stage_1/checkpoint_stage_1_2.ckpt
[DataLoader] Processing: data/checkpoints/stage_0
[DataLoader] Processing: data/checkpoints/stage_0/checkpoint_stage_0_1.ckpt
[DataLoader] Processing: data/training6.jsonl
[DataLoader] Loaded 396 records from data/training6.jsonl
[DataLoader] Processing: data/training2.jsonl
[DataLoader] Loaded 490 records from data/training2.jsonl
[DataLoader] Processing: data/training_analytics
[DataLoader] Processing: data/training_analytics/training_events.ndjson
[DataLoader] Processing: data/test_analytics
[DataLoader] Processing: data/test_analytics/training_events.ndjson
[DataLoader] Processing: data/training.jsonl
[DataLoader] Loaded 500 records from data/training.jsonl
[DataLoader] Processing: data/algorithms_and_patterns.jsonl
[DataLoader] Loaded 1500 records from data/algorithms_and_patterns.jsonl
[DataLoader] Processing: data/legal_courts.jsonl
[DataLoader] Loaded 1500 records from data/legal_courts.jsonl
[DataLoader] Processing: data/fc2c9e8a37b38f38da6d449564a8c350b244aef4
[DataLoader] Processing: data/fc2c9e8a37b38f38da6d449564a8c350b244aef4/README.md
[DataLoader] Processing: data/fc2c9e8a37b38f38da6d449564a8c350b244aef4/medical_o1_sft_mix.json
[DataLoader] Processing: data/fc2c9e8a37b38f38da6d449564a8c350b244aef4/.gitattributes
[DataLoader] Processing: data/fc2c9e8a37b38f38da6d449564a8c350b244aef4/medical_o1_sft_mix_Chinese.json
[DataLoader] Processing: data/fc2c9e8a37b38f38da6d449564a8c350b244aef4/medical_o1_sft_Chinese.json
[DataLoader] Processing: data/fc2c9e8a37b38f38da6d449564a8c350b244aef4/medical_o1_sft.json
[DataLoader] Processing: data/medical_biological
[DataLoader] Processing: data/medical_biological/training_new.jsonl
[DataLoader] Processing: data/medical_biological/.gitattributes
[DataLoader] Processing: data/edge_devices.jsonl
[DataLoader] Loaded 1500 records from data/edge_devices.jsonl
[DataLoader] Processing: data/axon_self_knowledge.jsonl
[DataLoader] Loaded 1569 records from data/axon_self_knowledge.jsonl
[DataLoader] Processing: data/stem_qa.json
[DataLoader] Loaded 1579 records from data/stem_qa.json
[DataLoader] Processing: data/medical_research.jsonl
[DataLoader] Loaded 1579 records from data/medical_research.jsonl
[DataLoader] Processing: data/ruby_php_languages.jsonl
[DataLoader] Loaded 2579 records from data/ruby_php_languages.jsonl
[DataLoader] Processing: data/coding_fundamentals.jsonl
[DataLoader] Loaded 3579 records from data/coding_fundamentals.jsonl
[DataLoader] Processing: data/584cf17b304220f1396d64da8e67c84acca0d819
[DataLoader] Processing: data/584cf17b304220f1396d64da8e67c84acca0d819/brainstorming_num-10000_depth-1_prune_filter.json
[DataLoader] Loaded 12481 records from data/584cf17b304220f1396d64da8e67c84acca0d819/brainstorming_num-10000_depth-1_prune_filter.json
[DataLoader] Processing: data/584cf17b304220f1396d64da8e67c84acca0d819/README.md
[DataLoader] Processing: data/584cf17b304220f1396d64da8e67c84acca0d819/.gitattributes
[DataLoader] Processing: data/4f131d24b526844cfedf0f297bfc61785a1a3293
[DataLoader] Processing: data/4f131d24b526844cfedf0f297bfc61785a1a3293/README.md
[DataLoader] Processing: data/4f131d24b526844cfedf0f297bfc61785a1a3293/.gitattributes
[DataLoader] Processing: data/4f131d24b526844cfedf0f297bfc61785a1a3293/cleaned_dataset (1).jsonl
Data loading complete:
  Files: 20
  Records: 12481
  Failed: 132
  Tokens: 79052
[HTTPServer] Datasets loaded. Building vocabulary...
[HTTPServer] Vocabulary built (size: 79099). Setting sequence decoder...
[HTTPServer] Loading training data into knowledge graph...
Building knowledge graph from 12481 examples...
  Processed 100 / 12481 examples...
  Processed 200 / 12481 examples...
  Processed 300 / 12481 examples...
  Processed 400 / 12481 examples...
  Processed 500 / 12481 examples...
  Processed 600 / 12481 examples...
  Processed 700 / 12481 examples...
  Processed 800 / 12481 examples...
  Processed 900 / 12481 examples...
  Processed 1000 / 12481 examples...
  Processed 1100 / 12481 examples...
  Processed 1200 / 12481 examples...
  Processed 1300 / 12481 examples...
  Processed 1400 / 12481 examples...
  Processed 1500 / 12481 examples...
  Processed 1600 / 12481 examples...
  Processed 1700 / 12481 examples...
  Processed 1800 / 12481 examples...
  Processed 1900 / 12481 examples...
  Processed 2000 / 12481 examples...
  Processed 2100 / 12481 examples...
  Processed 2200 / 12481 examples...
  Processed 2300 / 12481 examples...
  Processed 2400 / 12481 examples...
  Processed 2500 / 12481 examples...
  Processed 2600 / 12481 examples...
  Processed 2700 / 12481 examples...
  Processed 2800 / 12481 examples...
  Processed 2900 / 12481 examples...
  Processed 3000 / 12481 examples...
  Processed 3100 / 12481 examples...
  Processed 3200 / 12481 examples...
  Processed 3300 / 12481 examples...
  Processed 3400 / 12481 examples...
  Processed 3500 / 12481 examples...
  Processed 3600 / 12481 examples...
